
> lightbikes@1.0.0 build
> vite build

vite v7.3.0 building client environment for production...
transforming...
[plugin vite:resolve] Module "os" has been externalized for browser compatibility, imported by "/home/pi/source/LightBikes/node_modules/winston/dist/winston/exception-handler.js". See https://vite.dev/guide/troubleshooting.html#module-externalized-for-browser-compatibility for more details.
[plugin vite:resolve] Module "os" has been externalized for browser compatibility, imported by "/home/pi/source/LightBikes/node_modules/winston/dist/winston/rejection-handler.js". See https://vite.dev/guide/troubleshooting.html#module-externalized-for-browser-compatibility for more details.
[plugin vite:resolve] Module "os" has been externalized for browser compatibility, imported by "/home/pi/source/LightBikes/node_modules/winston/dist/winston/transports/console.js". See https://vite.dev/guide/troubleshooting.html#module-externalized-for-browser-compatibility for more details.
[plugin vite:resolve] Module "fs" has been externalized for browser compatibility, imported by "/home/pi/source/LightBikes/node_modules/winston/dist/winston/transports/file.js". See https://vite.dev/guide/troubleshooting.html#module-externalized-for-browser-compatibility for more details.
[plugin vite:resolve] Module "path" has been externalized for browser compatibility, imported by "/home/pi/source/LightBikes/node_modules/winston/dist/winston/transports/file.js". See https://vite.dev/guide/troubleshooting.html#module-externalized-for-browser-compatibility for more details.
[plugin vite:resolve] Module "zlib" has been externalized for browser compatibility, imported by "/home/pi/source/LightBikes/node_modules/winston/dist/winston/transports/file.js". See https://vite.dev/guide/troubleshooting.html#module-externalized-for-browser-compatibility for more details.
[plugin vite:resolve] Module "os" has been externalized for browser compatibility, imported by "/home/pi/source/LightBikes/node_modules/winston/dist/winston/transports/file.js". See https://vite.dev/guide/troubleshooting.html#module-externalized-for-browser-compatibility for more details.
[plugin vite:resolve] Module "http" has been externalized for browser compatibility, imported by "/home/pi/source/LightBikes/node_modules/winston/dist/winston/transports/http.js". See https://vite.dev/guide/troubleshooting.html#module-externalized-for-browser-compatibility for more details.
[plugin vite:resolve] Module "https" has been externalized for browser compatibility, imported by "/home/pi/source/LightBikes/node_modules/winston/dist/winston/transports/http.js". See https://vite.dev/guide/troubleshooting.html#module-externalized-for-browser-compatibility for more details.
[plugin vite:resolve] Module "os" has been externalized for browser compatibility, imported by "/home/pi/source/LightBikes/node_modules/winston/dist/winston/transports/stream.js". See https://vite.dev/guide/troubleshooting.html#module-externalized-for-browser-compatibility for more details.
[plugin vite:resolve] Module "fs" has been externalized for browser compatibility, imported by "/home/pi/source/LightBikes/node_modules/winston/dist/winston/tail-file.js". See https://vite.dev/guide/troubleshooting.html#module-externalized-for-browser-compatibility for more details.
[plugin vite:resolve] Module "os" has been externalized for browser compatibility, imported by "/home/pi/source/LightBikes/node_modules/@colors/colors/lib/system/supports-colors.js". See https://vite.dev/guide/troubleshooting.html#module-externalized-for-browser-compatibility for more details.
✓ 343 modules transformed.
Generated an empty chunk: "three".
src/utils/BrowserCompatibility.js (191:12): Use of eval in "src/utils/BrowserCompatibility.js" is strongly discouraged as it poses security risks and may cause issues with minification.
src/utils/BrowserCompatibility.js (194:12): Use of eval in "src/utils/BrowserCompatibility.js" is strongly discouraged as it poses security risks and may cause issues with minification.
src/utils/BrowserCompatibility.js (197:12): Use of eval in "src/utils/BrowserCompatibility.js" is strongly discouraged as it poses security risks and may cause issues with minification.
src/utils/BrowserCompatibility.js (200:12): Use of eval in "src/utils/BrowserCompatibility.js" is strongly discouraged as it poses security risks and may cause issues with minification.
src/utils/BrowserCompatibility.js (203:12): Use of eval in "src/utils/BrowserCompatibility.js" is strongly discouraged as it poses security risks and may cause issues with minification.
src/utils/BrowserCompatibility.js (206:12): Use of eval in "src/utils/BrowserCompatibility.js" is strongly discouraged as it poses security risks and may cause issues with minification.
✗ Build failed in 4.56s
error during build:
[vite:terser] terser not found. Since Vite v3, terser has become an optional dependency. You need to install it.
    at loadTerserPath (file:///home/pi/source/LightBikes/node_modules/vite/dist/node/chunks/config.js:32973:8)
    at Object.renderChunk (file:///home/pi/source/LightBikes/node_modules/vite/dist/node/chunks/config.js:33002:39)
    at Object.handler (file:///home/pi/source/LightBikes/node_modules/vite/dist/node/chunks/config.js:33742:13)
    at file:///home/pi/source/LightBikes/node_modules/rollup/dist/es/shared/node-entry.js:22522:40
    at process.processTicksAndRejections (node:internal/process/task_queues:105:5)
